$ C:\Users\user\AppData\Local\Microsoft\WindowsApps\PythonSoftwareFoundation.Python.3.13_qbz5n2kfra8p0\python.exe 7-2-count-skew.py

=== STDOUT ===
[1] 원천 — 6주차 일별 배치 산출물 3일치
    경로 practice/chapter7/data/input/ch6_daily/
    한 날짜마다 quality_check.json(정제 단계별 건수)과 daily_summary.json(지역구별 확정 집계)이 있음

[2] 어디까지 정제하고 세느냐에 따라 같은 날의 '민원 건수'가 갈림
    날짜              물리 레코드     중복제거 유효     표준코드 확정
    2026-07-01            20            20            18
    2026-07-02            18            17            16
    2026-07-03            22            22            20

[3] 세 팀이 각자 '2026-07-02 민원 건수' 피처를 만들면
    서빙 API    운영 DB를 그대로 셈                    18
    분석 부서     중복 1건만 제거                       17
    훈련 파이프라인  중복 + 미매핑 1건까지 제외                16
    최댓값과 최솟값의 차 2건 — 확정 집계 대비 12.5%
    셋 다 버그가 아님: 같은 날의 지역구별 확정 집계는 마포구 5, 관악구 5, 강남구 6 합계 16

[4] 모델이 확정 집계로 훈련되고 서빙은 물리 레코드를 세면
    2026-07-01  훈련  18  서빙  20  차이 +2
    2026-07-02  훈련  16  서빙  18  차이 +2
    2026-07-03  훈련  20  서빙  22  차이 +2
    3일 모두 같은 방향 — 평균 차이 +2.00건
    한쪽으로만 치우친 편의라서 평균 보정으로 사라지지 않음

[5] 이 실행이 끝나는 방식
    예외 없음, 종료 코드 0 — 세 값이 어긋난 채로 정상 종료함
CH7_2_RUN_PASS

=== STDERR ===
