$ C:\Users\user\AppData\Local\Microsoft\WindowsApps\PythonSoftwareFoundation.Python.3.13_qbz5n2kfra8p0\python.exe 7-3-materialize-consistency.py

=== STDOUT ===
[1] offline store — 피처 이력 전체 9행 (3일 × 지역구 3개)
    lawd_cd   지역      알려진 시점                      건수      미매핑율
    11440     마포구     2026-07-02T00:00:00Z         5     0.050
    11620     관악구     2026-07-02T00:00:00Z         5     0.050
    11680     강남구     2026-07-02T00:00:00Z         8     0.050
    11440     마포구     2026-07-03T00:00:00Z         5     0.059
    11620     관악구     2026-07-03T00:00:00Z         5     0.059
    11680     강남구     2026-07-03T00:00:00Z         6     0.059
    11440     마포구     2026-07-04T00:00:00Z         6     0.045
    11620     관악구     2026-07-04T00:00:00Z         5     0.045
    11680     강남구     2026-07-04T00:00:00Z         9     0.045

[2] materialize — 적재 창을 명시해서 호출
    창 [2026-07-01T00:00:00Z, 2026-07-20T00:00:00Z]
    창 안의 원천 9행 → online store 3행(키별 최신 1행)
    11440  마포구      6  0.045  @2026-07-04T00:00:00Z
    11620  관악구      5  0.045  @2026-07-04T00:00:00Z
    11680  강남구      9  0.045  @2026-07-04T00:00:00Z

[3] 훈련-서빙 일관성 점검 — 오프라인 최신값 대 온라인 조회값
    키       오프라인 최신           온라인 조회            일치
    11440   6 / 0.045           6 / 0.045           예
    11620   5 / 0.045           5 / 0.045           예
    11680   9 / 0.045           9 / 0.045           예
    checked_keys 3, all_consistent True

[4] 같은 적재를 증분 호출로 하면 — 시작점이 '기준 시각 − TTL'
    기준 시각 2026-07-20T00:00:00Z(구성값), TTL 3일
    창 [2026-07-17T00:00:00Z, 2026-07-20T00:00:00Z]
    창 안의 원천 0행 → online store 0행
    예외 없음, 오류 로그 없음 — 적재 작업은 성공으로 끝남
    이 상태에서 온라인을 조회하면
    키       오프라인 최신           온라인 조회            일치
    11440   6 / 0.045           없음(None)            아니오
    11620   5 / 0.045           없음(None)            아니오
    11680   9 / 0.045           없음(None)            아니오
    checked_keys 3, all_consistent False

[5] 7-1이 Feast로 남긴 산출물과 대조
    ch7_consistency_report.json: checked_keys 3, all_consistent True
    이 실행:                     checked_keys 3, all_consistent True
    키별 온라인 값 일치: 예 (3개 키)
    두 값이 같다 = 규칙을 같게 구현했다는 뜻이지 엔진을 다시 돌렸다는 뜻이 아님
CH7_3_RUN_PASS

=== STDERR ===
