$ C:\Users\user\AppData\Local\Microsoft\WindowsApps\PythonSoftwareFoundation.Python.3.13_qbz5n2kfra8p0\python.exe 7-4-point-in-time-join.py

=== STDOUT ===
[1] 피처 원천 9행 — 타임스탬프는 '값이 알려진 시점'
    규약: 대상일의 집계는 그날이 끝나야 확정되므로 대상일 다음 날 00:00 UTC
    lawd_cd   대상일           알려진 시점                      건수      미매핑율
    11440     2026-07-01    2026-07-02T00:00:00Z         5     0.050
    11620     2026-07-01    2026-07-02T00:00:00Z         5     0.050
    11680     2026-07-01    2026-07-02T00:00:00Z         8     0.050
    11440     2026-07-02    2026-07-03T00:00:00Z         5     0.059
    11620     2026-07-02    2026-07-03T00:00:00Z         5     0.059
    11680     2026-07-02    2026-07-03T00:00:00Z         6     0.059
    11440     2026-07-03    2026-07-04T00:00:00Z         6     0.045
    11620     2026-07-03    2026-07-04T00:00:00Z         5     0.045
    11680     2026-07-03    2026-07-04T00:00:00Z         9     0.045

[2] 시점 조인 — 훈련 샘플 4행
    11680  as_of 2026-07-02T09:00:00Z  →  건수 8, 미매핑율 0.050
           쓴 피처: 2026-07-01분, 알려진 시점 2026-07-02T00:00:00Z (간격 0일 9시간)
    11440  as_of 2026-07-03T09:00:00Z  →  건수 5, 미매핑율 0.059
           쓴 피처: 2026-07-02분, 알려진 시점 2026-07-03T00:00:00Z (간격 0일 9시간)
    11680  as_of 2026-07-04T09:00:00Z  →  건수 9, 미매핑율 0.045
           쓴 피처: 2026-07-03분, 알려진 시점 2026-07-04T00:00:00Z (간격 0일 9시간)
    입력 4행 → 결과 3행 (탈락 1행)
    탈락: 11620  as_of 2026-07-01T09:00:00Z  — 확정된 값 없음
    탈락 행은 빈 값으로 남지 않고 결과에서 사라짐 — 오류도 경고도 없음

[3] 같은 입력에 최신값 조인을 하면 — 미래 누출
    lawd_cd   as_of                        시점 조인      최신값 조인
    11620     2026-07-01T09:00:00Z            탈락           5
    11680     2026-07-02T09:00:00Z             8           9
    11440     2026-07-03T09:00:00Z             5           6
    11680     2026-07-04T09:00:00Z             9           9
    4행 모두 값이 붙어 훈련 셋은 줄지 않지만, 어긋난 행 3개
    7/1 09:00 샘플에는 아직 확정되지 않은 값이 붙고,
    7/2 09:00 샘플에는 그날 이후에 확정될 값이 붙음

[4] TTL 하한 — 알려진 값이어도 오래되면 붙이지 않음
    11680  as_of 2026-07-10T09:00:00Z
    as_of 이전 최신 = 2026-07-04T00:00:00Z (건수 9)
    결과: 탈락 — 가장 최근 값이 6일 9시간 전 — TTL 3일 초과
    배치가 TTL보다 오래 멈추면 훈련 샘플이 이 방식으로 조용히 사라짐

[5] 7-1이 Feast로 남긴 산출물과 대조
    ch7_feature_report.json: 입력 4행, 조인 결과 3행, 탈락 1행 (feast 0.64.0)
    이 실행:                 입력 4행, 조인 결과 3행, 탈락 1행
    키·시점별 값 일치: 예 (3행)
    두 값이 같다 = 조인 규칙을 같게 구현했다는 뜻이지 엔진을 다시 돌렸다는 뜻이 아님
CH7_4_RUN_PASS

=== STDERR ===
