$ C:\Users\user\AppData\Local\Microsoft\WindowsApps\PythonSoftwareFoundation.Python.3.13_qbz5n2kfra8p0\python.exe 12-4-quality-change.py

=== STDOUT ===
[1] 검사 대상 — 6주차 확정 집계 3일 × 3지역
    날짜          지역     complaint_count  day_unmapped_rate
    2026-07-01  마포구                   5               0.05
    2026-07-01  관악구                   5               0.05
    2026-07-01  강남구                   8               0.05
    2026-07-02  마포구                   5              0.059
    2026-07-02  관악구                   5              0.059
    2026-07-02  강남구                   6              0.059
    2026-07-03  마포구                   6              0.045
    2026-07-03  관악구                   5              0.045
    2026-07-03  강남구                   9              0.045
    합계 9행
    (실패율 열은 6주차가 기록해 둔 값이라 소수 셋째 자리다. [4]에서는 같은 값을
     원자료로 다시 계산해 넷째 자리로 적는다 — 0.059 와 0.0588 은 같은 수다)

[2] 품질 규칙 — 값 하나하나가 계약을 지켰는지 검사한다
    [PASS] 완전성  완전성(결측 없음)
            non-null 9/9
    [PASS] 정확성  정확성(범위: count≥0, rate∈[0,1])
            in-range 9/9
    [PASS] 일관성  일관성(키 유일성)
            unique-keys 9/9
    3종 전부 통과: True

[3] 임계값은 관례가 아니라 하류 업무에서 역산한다
    (판정 규칙: 그날의 매핑 실패율 > 상한 이면 그날 피처를 차단)
    상한 0.06   차단 0일  없음
    상한 0.05   차단 1일  2026-07-02
    상한 0.045  차단 3일  2026-07-01, 2026-07-02, 2026-07-03
    같은 데이터인데 상한 한 자리를 바꾸면 차단 일수가 0일과 3일 사이를 오간다

[4] 정의 변경 — day_unmapped_rate
    v1  미매핑 건수 / 유효 건수(valid)
    v2  미매핑 건수 / 물리 건수(physical)
    사유 물리 수집량 대비 실패율로 정의 통일 — 중복 포함 원자료 기준
    날짜          unmapped  valid  physical   v1      v2      값이 바뀌는가
    2026-07-01         1     20        20   0.05    0.05    아니오
    2026-07-02         1     17        18   0.0588  0.0556  예
    2026-07-03         1     22        22   0.0455  0.0455  아니오
    값이 바뀌는 날 1일, 영향 행 3행 (그날의 3지역)
    영향 소비자 1곳 — complaint_model_v1 서비스(9장 훈련)
    요청자 품질관리팀(가상) / 승인자 민원데이터팀 소유자(가상)

[5] 버전 없이 덮어쓰면 — 같은 이름이 두 값을 가리킨다
    2026-07-02 day_unmapped_rate
        v1 정의로 저장된 값  0.0588
        v2 정의로 저장된 값  0.0556
        차이 0.0032
    이름이 같으므로 소비자는 정의가 바뀐 사실을 모른 채 다른 값을 읽는다
    과거 예측을 재현하려면 그때 쓰인 정의가 어느 쪽인지 기록이 있어야 한다

[6] 감사 점검표 — 위 기록에서 자동 생성 (10/10)
     1. [PASS] 모든 접근 요청이 로그에 기록되었는가
     2. [PASS] 거부된 요청이 전부 사유를 보유하는가
     3. [PASS] 허용된 원시 값 조회가 전부 인가된 역할인가
     4. [PASS] 미등록 역할의 접근이 전부 거부되었는가
     5. [PASS] 감사 역할의 원시 값 조회가 0건인가(목적 제한)
     6. [PASS] 카탈로그의 모든 피처가 소유자·개인정보 등급·소비자를 보유하는가
     7. [PASS] 개인정보 등급이 비어 있는 피처가 0건인가
     8. [PASS] 품질 규칙(완전성·정확성·일관성) 3종이 전부 통과했는가
     9. [PASS] 변경 이력에 요청자·승인자·사유가 기록되었는가
    10. [PASS] 정의 변경이 영향 소비자를 식별했는가
    사람의 주장이 아니라 카탈로그·로그·품질·변경 이력이 근거다

=== STDERR ===
