$ C:\Users\user\AppData\Local\Microsoft\WindowsApps\PythonSoftwareFoundation.Python.3.13_qbz5n2kfra8p0\python.exe 12-5-group-bias.py

=== STDOUT ===
[1] 입력 — 9주차가 남긴 훈련 쌍을 그대로 다시 읽는다
    원천 data/input/ch9_experiment_report.json
    지역     전일 건수  당일 건수
    마포구             5          5
    마포구             5          6
    관악구             5          5
    관악구             5          5
    강남구             6          9
    강남구             8          6
    훈련 쌍 6개 (3지역 × 2쌍)
    지문 재계산 96f6b6b3ce9dcdd1 / 9주차 기록 96f6b6b3ce9dcdd1 — 일치 True

[2] 배포 모델(champion)의 전체 성능과 그룹별 성능
    이 모델은 입력과 무관하게 항상 6.0을 예측한다
    champion = 상수 예측
    지역     n  실측평균  예측평균   MAE     편향(예측-실측)
    강남구     2      7.5      6.0     1.5  -1.5
    마포구     2      5.5      6.0     0.5  +0.5
    관악구     2      5.0      6.0     1.0  +1.0
    전체 MAE 1.0  /  그룹 MAE 격차 1.0  /  비율 3.0배
    가장 나쁜 그룹 강남구  /  가장 좋은 그룹 마포구

[3] 후보 모델(challenger, 선형)로 바꾸면
    회귀식 예측 = 3.6818 + 0.4091 × 전일 건수
    challenger = 선형
    지역     n  실측평균  예측평균   MAE     편향(예측-실측)
    강남구     2      7.5   6.5455  1.9091  -0.9545
    마포구     2      5.5   5.7273     0.5  +0.2273
    관악구     2      5.0   5.7273  0.7273  +0.7273
    전체 MAE 1.0455  /  그룹 MAE 격차 1.4091  /  비율 3.8182배
    가장 나쁜 그룹 강남구  /  가장 좋은 그룹 마포구
    전체 MAE는 1.0 → 1.0455 로 나빠지고,
    그룹 격차는 1.0 → 1.4091 로 함께 나빠진다

[4] 왜 그런가 — 예측이 피처를 쓰고 있는지 본다
    검사 피처 x_prev_count(전일 민원 건수)
    champion    DummyRegressor(mean) — 상수 예측
        permutation importance 0.0
    challenger  LinearRegression — 선형
        permutation importance -0.0455
        계수 slope 0.4091 / intercept 3.6818
    상수 모델의 중요도가 정확히 0 — 값을 섞어도 오차가 그대로다(피처를 안 본다)

[5] 이의제기에 답하려면 갖춰야 하는 통로 5개
    1. 고지: 완전 자동화된 결정의 기준·절차·처리 방식을 정보주체가 확인하도록 공개
    2. 거부권: 권리·의무에 중대한 영향을 주는 결정을 거부할 수 있게 한다
    3. 설명요구권: 결정에 대해 설명 등을 요구할 수 있게 한다
    4. 인적 개입: 거부·설명 요구 시 정당한 사유가 없으면 인적 재처리·설명 등 조치
    5. 기록: 요구·조치를 로그로 남겨 감사에 답한다(12주차 접근 로그 평행)

[6] 공공 AI 검토표 — 위 산출에서 자동 판정 (12/12)
     1. [PASS] 편향 평가가 그룹별로 산출되었는가
     2. [PASS] 그룹 MAE 격차·비율이 보고되었는가
     3. [PASS] 편향의 방향(부호)이 식별되었는가
     4. [PASS] 설명 결과(permutation importance)가 산출되었는가
     5. [PASS] 배포 모델의 피처 의존성이 설명되었는가(상수=피처 무시 식별)
     6. [PASS] 모델 카드 9절이 전부 채워졌는가
     7. [PASS] 모델 카드에 윤리적 고려·한계가 명시되었는가
     8. [PASS] 정책 루브릭 3기준(법적 정합성·중립성·유해성)이 정의되었는가
     9. [PASS] 개인정보 영향평가 검토 지점(제33조)이 있는가
    10. [PASS] 자동화된 결정 이의제기 절차(제37조의2)가 있는가
    11. [PASS] 소표본 한계가 정직하게 표기되었는가
    12. [PASS] 데이터 지문으로 훈련 데이터가 증명 가능한가(9장 교차)
    모델 카드 9절 / 정책 루브릭 3기준이 같은 실행에서 생성된다

=== STDERR ===
