$ C:\Users\user\AppData\Local\Microsoft\WindowsApps\PythonSoftwareFoundation.Python.3.13_qbz5n2kfra8p0\python.exe 3-3-lambda-skew.py

=== STDOUT ===
[1] 입력 — 이벤트 80건, 측정소 40개
    창 길이 60분, 창 2개
    도착 시각은 구성값 — 기본 3분, 5번째마다 72분
    지연 도착으로 구성한 이벤트 16건

[2] 두 로직의 지연 허용이 같을 때 (배치 전체 / 스피드 15분)
    창                    배치 건수     스피드 건수     배치 평균      스피드 평균
    2026-06-28 22:00        40         40     20.02       20.02
    2026-06-28 23:00        40         40     20.77       20.77
    → 어긋난 창 0개

[3] 스피드 레이어만 지연 허용을 15분 → 10분으로 줄인 뒤
    창                    배치 건수     스피드 건수     배치 평균      스피드 평균
    2026-06-28 22:00        40         32     20.02       19.66
    2026-06-28 23:00        40         32     20.77       20.84
    → 어긋난 창 2개

[4] 이 실행이 끝나는 방식
    2026-06-28 22:00 — 스피드가 8건을 놓쳐 평균이 20.02 대 19.66로 갈림
    2026-06-28 23:00 — 스피드가 8건을 놓쳐 평균이 20.77 대 20.84로 갈림
    예외 없음, 종료 코드 0 — 두 수치가 어긋난 채로 정상 종료함

output=C:\Users\user\Documents\lee\class\2026-2\mlops_public\practice\chapter3\data\output\ch3_lambda_skew.json mismatch_after=2

=== STDERR ===
