$ C:\Users\user\AppData\Local\Microsoft\WindowsApps\PythonSoftwareFoundation.Python.3.13_qbz5n2kfra8p0\python.exe 3-4-replay-offset.py

=== STDOUT ===
[1] 이벤트 로그 — 80건, 오프셋 0~79
    보존 기간이 지난 구간: 오프셋 0~39 (40건)
    되감을 수 있는 구간: 오프셋 40~79

[2] 최초 집계 (대표값 mean)
    처음 실행
      읽은 오프셋 40~ / 소비 40건 / 보존 기간 밖 0건
      2026-06-28 23:00  건수  40  대표값(mean)  20.77  최소  14  최대  27
      결과 해시 f6a5c48ba48fa6ef…

[3] 오프셋을 되감아 같은 코드로 다시 읽기
    리플레이
      읽은 오프셋 40~ / 소비 40건 / 보존 기간 밖 0건
      2026-06-28 23:00  건수  40  대표값(mean)  20.77  최소  14  최대  27
      결과 해시 f6a5c48ba48fa6ef…
      해시 일치: 예 — 그 시점 자료로 그 계산을 다시 만들었음

[4] 집계 규칙을 고친 뒤 되감기 (대표값 mean → median)
    규칙 변경 후 리플레이
      읽은 오프셋 40~ / 소비 40건 / 보존 기간 밖 0건
      2026-06-28 23:00  건수  40  대표값(median)   20.0  최소  14  최대  27
      결과 해시 5cfafcb513d8cdf9…
      해시 변경: 예 — 로직 한 벌만 고쳐 확정치를 다시 냈음

[5] 보존 기간 밖을 요청하면
      오프셋 0부터 요청했으나 40건은 남아 있지 않음
      실제로 읽은 건수 40건 — 요청한 80건에 못 미침
      감사 질의가 이 구간을 향하면 재현해 보일 수 없음

output=C:\Users\user\Documents\lee\class\2026-2\mlops_public\practice\chapter3\data\output\ch3_replay_report.json replay_hash_match=True

=== STDERR ===
