$ C:\Users\user\AppData\Local\Microsoft\WindowsApps\PythonSoftwareFoundation.Python.3.13_qbz5n2kfra8p0\python.exe 5-2-window-assign.py

=== STDOUT ===
[1] 입력 — 이벤트 14건, 파일 3개, 지역구 3개
    이벤트 시각 범위 21:49 ~ 22:24
    창 크기 10분, 슬라이드 5분, 기준 시각은 발생 시각(이벤트 시간)

[2] tumbling 10분 — 창끼리 겹치지 않음
    21:40-21:50  마포구 1
    22:00-22:10  강남구 4, 마포구 2, 관악구 1
    22:10-22:20  강남구 2, 마포구 2
    22:20-22:30  강남구 1, 관악구 1

[3] 강남구 7건을 두 방식으로 셈 (발생 22:01, 22:03, 22:04, 22:08, 22:11, 22:14, 22:24)
    tumbling  22:00-22:10 → 4, 22:10-22:20 → 2, 22:20-22:30 → 1
    건수 합 7
    sliding   21:55-22:05 → 3, 22:00-22:10 → 4, 22:05-22:15 → 3, 22:10-22:20 → 2, 22:15-22:25 → 1, 22:20-22:30 → 1
    건수 합 14
    이벤트 수 7건 대비 tumbling 합 7, sliding 합 14 — 2배로 세어짐 (창 크기 ÷ 슬라이드 = 2)

[4] 경계 판정 — 창은 [시작, 끝)이다 (아래 세 시각은 입력에 없는 구성값)
    22:09:59 → tumbling 22:00-22:10
    22:10:00 → tumbling 22:10-22:20
    22:10:01 → tumbling 22:10-22:20

=== STDERR ===
