$ C:\Users\user\AppData\Local\Microsoft\WindowsApps\PythonSoftwareFoundation.Python.3.13_qbz5n2kfra8p0\python.exe 5-3-watermark-trace.py

=== STDOUT ===
[1] 규칙 — 창 10분, 지연 허용 10분
    watermark = 관측된 최대 이벤트 시각 − 지연 허용 (시계가 아니라 데이터에서 계산)

[2] batch1.json 도착 — 이벤트 6건, 적용 watermark 없음(아직 관측한 이벤트 없음)
    신규  창 22:00-22:10 강남구  0 → 1
    신규  창 22:00-22:10 마포구  0 → 1
    갱신  창 22:00-22:10 강남구  1 → 2
    신규  창 22:00-22:10 관악구  0 → 1
    갱신  창 22:00-22:10 강남구  2 → 3
    갱신  창 22:00-22:10 마포구  1 → 2
    수용 6건 / 폐기 0건, 폐기 누적 0
    처리 후 관측 최대 22:09 → 다음 watermark 21:59 (= 22:09 − 10분)

[3] batch2.json 도착 — 이벤트 5건, 적용 watermark 21:59
    갱신  창 22:00-22:10 강남구  3 → 4
    신규  창 22:10-22:20 강남구  0 → 1
    신규  창 22:10-22:20 마포구  0 → 1
    갱신  창 22:10-22:20 강남구  1 → 2
    갱신  창 22:10-22:20 마포구  1 → 2
    수용 5건 / 폐기 0건, 폐기 누적 0
    처리 후 관측 최대 22:18 → 다음 watermark 22:08 (= 22:18 − 10분)

[4] batch3.json 도착 — 이벤트 3건, 적용 watermark 22:08
    신규  창 22:20-22:30 관악구  0 → 1
    신규  창 22:20-22:30 강남구  0 → 1
    폐기  LATE_DROP 발생 21:49 — 창 21:40-21:50의 끝이 watermark 22:08 이하
    수용 2건 / 폐기 1건, 폐기 누적 1
    처리 후 관측 최대 22:24 → 다음 watermark 22:14 (= 22:24 − 10분)

[5] 지연 이벤트 판정
    LATE_OK    발생 22:04  도착 시점 watermark 21:59  창 22:00-22:10  → 수용
               증거: 창 22:00-22:10 강남구 count 3 → 4
    LATE_DROP  발생 21:49  도착 시점 watermark 22:08  창 21:40-21:50  → 폐기
               증거: 폐기 누적 = 1

[6] 가정 시나리오 — LATE_OK가 마지막 파일 다음에 도착했다면 (입력에 없는 계산)
    적용 watermark 22:14, 창 22:00-22:10의 끝 22:10 → 폐기
    같은 이벤트인데 판정이 바뀜 — 기준은 '얼마나 늦었나'가 아니라 '엔진이 그사이 무엇을 봤나'다

[7] 5-1(Spark) 산출물과 대조
    엔진 판정 {'LATE_OK': '수용', 'LATE_DROP': '폐기'} / 이 스크립트 판정 {'LATE_OK': '수용', 'LATE_DROP': '폐기'}
    엔진 폐기 누적 1 / 이 스크립트 폐기 누적 1
    일치: 예 — 규칙을 손으로 적용한 결과와 엔진 결과가 같음

[저장] C:\Users\user\Documents\lee\class\2026-2\mlops_public\practice\chapter5\data\output\ch5_watermark_trace.json

=== STDERR ===
