$ C:\Users\user\AppData\Local\Microsoft\WindowsApps\PythonSoftwareFoundation.Python.3.13_qbz5n2kfra8p0\python.exe 5-4-alert-rules.py

=== STDOUT ===
[1] update 모드가 내보낸 '바뀐 행' 8건
    batch1.json  창 22:00-22:10  강남구 3
    batch1.json  창 22:00-22:10  마포구 2
    batch1.json  창 22:00-22:10  관악구 1
    batch2.json  창 22:00-22:10  강남구 4
    batch2.json  창 22:10-22:20  강남구 2
    batch2.json  창 22:10-22:20  마포구 2
    batch3.json  창 22:20-22:30  관악구 1
    batch3.json  창 22:20-22:30  강남구 1

[2] 임계 4건 — 갱신마다 조건을 다시 평가하면
    발화  batch2.json에서 창 22:00-22:10 강남구 4건
    발화 1회, 중복 제거 키(창 시작·지역구·규칙 ID)로 묶으면 1회 → 중복 0회

[3] 임계 3건 — 갱신마다 조건을 다시 평가하면
    발화  batch1.json에서 창 22:00-22:10 강남구 3건
    발화  batch2.json에서 창 22:00-22:10 강남구 4건
    발화 2회, 중복 제거 키(창 시작·지역구·규칙 ID)로 묶으면 1회 → 중복 1회

[4] 발화 시점 — 창이 끝난 뒤에 도착한 이벤트로 임계에 닿는다
    창 22:00-22:10 강남구 4건이 batch2.json 처리 시점에 임계에 닿음
    창의 끝은 22:10, 확정까지 기다리면 이벤트 시간 기준 22:20 이후 — 확정 알림은 최소 10분 늦음

[5] 침묵 — 건수 0인 창은 0으로 나오지 않고 행 자체가 없다
    이벤트 시각 범위 21:49~22:24에 걸친 10분 창을 모두 늘어놓으면
    창 21:40-21:50  결과 행 없음
    창 21:50-22:00  결과 행 없음
    창 22:00-22:10  결과 행 3개  강남구 4, 관악구 1, 마포구 2
    창 22:10-22:20  결과 행 2개  강남구 2, 마포구 2
    창 22:20-22:30  결과 행 2개  강남구 1, 관악구 1
    창 5개 중 결과 행이 없는 창 2개
    폐기된 이벤트 1건도 집계 결과에는 흔적이 없음 — '이벤트가 없어서 없는 창'과 '폐기되어 없는 창'을 집계만 보고 구분할 수 없음

=== STDERR ===
