$ C:\Users\user\AppData\Local\Microsoft\WindowsApps\PythonSoftwareFoundation.Python.3.13_qbz5n2kfra8p0\python.exe 1-4-collector-checks.py

=== STDOUT ===
[1] 원본 응답에 검사 네 가지를 적용
    C1 업무 코드  resultCode == '00'                 resultCode=00              통과
    C2 건수     items == totalCount(40)            items=40                   통과
    C3 스키마    필수 5개 필드 전건 존재                     모두 존재                      통과
    C4 결측률    pm10Value 결측률 <= 5.0%              0/40 = 0.0%                통과
    → 4/4 통과

[2] 같은 검사를 잘린 응답(앞 20건)에 적용
    C1 업무 코드  resultCode == '00'                 resultCode=00              통과
    C2 건수     items == totalCount(40)            items=20                   실패
    C3 스키마    필수 5개 필드 전건 존재                     모두 존재                      통과
    C4 결측률    pm10Value 결측률 <= 5.0%              0/20 = 0.0%                통과
    → 3/4 통과, 실패 1건 — 이 응답은 저장하지 않고 멈춘다

[3] 검사가 없으면 무엇이 그대로 지나가는가
    잘린 응답도 JSON으로 저장되고 프로그램은 종료 코드 0으로 끝난다
    바뀌는 것은 숫자 하나뿐이다 — pm10 평균 20.0 → 20.3
    실패한 검사가 C2 하나라는 사실을 기록해 두지 않으면 원인을 되짚을 자리가 없다

[4] 원본 보존 — 같은 입력이면 같은 지문
    원본 items SHA-256  8dc4d5794ce4a7d8…
    잘린 items SHA-256  813f593df2a67505…
    두 지문이 같은가: 아니오
    원본을 버리고 요약만 남기면 이 대조 자체가 불가능해진다

[5] 파이프라인이 실행마다 남겨야 하는 네 줄
    받은 시각 / 원본 해시 / 검사 4건의 통과 여부 / 실패 시 중단했는지
    이 네 줄이 있으면 '성공했다'가 아니라 '무엇을 확인하고 성공이라 했다'가 된다

[6] 산출물 → data/output/ch1_collector_checks.json

=== STDERR ===
