$ C:\Users\user\AppData\Local\Microsoft\WindowsApps\PythonSoftwareFoundation.Python.3.13_qbz5n2kfra8p0\python.exe 1-5-feature-rule-skew.py

=== STDOUT ===
[1] 피처 정의 — pm10_bad: 이 측정소의 PM10이 나쁜 상태인가(1/0)
    측정소 40곳 중 pm10Grade가 있는 곳 39곳
    등급이 비어 있어 비교에서 빠진 곳: 강남구

[2] 학습 경로 — API가 준 pm10Grade를 그대로 사용
    나쁨(등급 2 이상) 11곳 / 39곳

[3] 서빙 경로 — pm10Value에 임계 30을 걸어 등급을 다시 계산
    나쁨 0곳 / 39곳
    학습 경로와 어긋난 측정소 11곳
      정릉로      pm10Value=21  pm10Grade=2  학습=1 서빙=0
      신촌로      pm10Value=25  pm10Grade=2  학습=1 서빙=0
      관악구      pm10Value=25  pm10Grade=2  학습=1 서빙=0
      강동구      pm10Value=27  pm10Grade=2  학습=1 서빙=0
      천호대로     pm10Value=22  pm10Grade=2  학습=1 서빙=0
      … 외 6곳
    두 경로 모두 예외를 내지 않는다. 어긋난 것은 오류가 아니라 값이다

[4] 임계를 바꾸면 맞출 수 있는가 — 10부터 34까지 전부 시험
    어긋남이 가장 적은 임계 22  그래도 6곳이 어긋남
    임계 30일 때 11곳, 임계 22일 때 6곳 — 0이 되는 임계는 없다

[5] 0이 되는 임계가 없는 이유 — 값의 범위가 겹친다
    학습 라벨 0(등급 1)  28곳  pm10Value 14~27
    학습 라벨 1(등급 2)  11곳  pm10Value 20~27
    두 범위가 겹치는 값: 20, 21, 22, 27
    같은 21이 어떤 측정소에서는 라벨 0, 다른 측정소에서는 라벨 1이다
    값 하나만으로는 등급을 되만들 수 없다 — 두 필드가 같은 규칙으로 만들어지지 않았다

[6] 규칙을 맞춰도 남는 것 — 입력 자체가 시간이 지나면 달라진다
    2026-06-28 22:00  측정소 40개  pm10 평균 20.0  결측 0건   (ch1_airquality_live_raw.json)
    2026-08-31 15:00  측정소 40개  pm10 평균 8.9  결측 3건   (ch1_api_summary.json)
    코드는 한 줄도 바뀌지 않았다. 계절과 시각이 모두 달라 원인을 하나로 지목할 수는 없다
    지목할 수 있는 사실은 하나다 — 같은 코드가 받는 값이 시간이 지나면 달라진다

[7] 산출물 → data/output/ch1_feature_skew.json

=== STDERR ===
