$ C:\Users\user\AppData\Local\Microsoft\WindowsApps\PythonSoftwareFoundation.Python.3.13_qbz5n2kfra8p0\python.exe 6-2-cutoff-scope.py

=== STDOUT ===
[1] 입력 — 날짜 하나가 파일 하나다
    2026-07-01.jsonl  물리 레코드 20건  첫 접수 08:00  마지막 접수 18:08
    2026-07-02.jsonl  물리 레코드 18건  첫 접수 08:00  마지막 접수 17:04
    2026-07-03.jsonl  물리 레코드 22건  첫 접수 08:00  마지막 접수 19:12
    사흘 합계 60건

[2] 달력 마감 — 파일 안의 레코드가 모두 그 날짜인가
    2026-07-01: 전부 같은 날짜
    2026-07-02: 전부 같은 날짜
    2026-07-03: 전부 같은 날짜
    → 구간의 경계를 데이터가 아니라 달력이 정함. 마감 시각까지 도착한 것은 늦어도 이 구간에 들어감

[3] 전체 조망 — 하루치를 통째로 쥐면 전수 중복 검사가 성립한다
    2026-07-02: C260702-001 가 두 번 — 08:00 과 11:12, 간격 192분
           5주차 창 길이 10분 기준으로 같은 창에서 만나는가: 아니오
    → 창 하나만 보는 처리는 이 쌍을 같은 창에서 만나지 못해 중복을 못 지움

[4] 하루 안에서의 접수 분포 — 배치가 한 번에 보는 범위
    2026-07-01: 접수 시각대 8시~18시, 시각대 11개에 걸침
    2026-07-02: 접수 시각대 8시~17시, 시각대 10개에 걸침
    2026-07-03: 접수 시각대 8시~19시, 시각대 12개에 걸침
    → 한 구간이 10분 창 여러 개에 흩어져 있어도 배치는 한 번에 셈

[5] 지역 표기의 원문 — 정제 전에는 이렇게 들어와 있다
    '강남구'        18건
    '관악구'        13건
    '마포구'        12건
    '강남'          4건
    '마포'          3건
    '관악'          2건
    None          2건
    ' 강남구 '       1건
    ' 마포구'        1건
    '강남 '         1건
    '김포'          1건
    '성남시'         1건
    '판교'          1건
    원문 표기 13가지 — 정제는 6-3에서 이어감

=== STDERR ===
