$ C:\Users\user\AppData\Local\Microsoft\WindowsApps\PythonSoftwareFoundation.Python.3.13_qbz5n2kfra8p0\python.exe 6-3-clean-accounting.py

=== STDOUT ===
[1] 표준 코드 사전 — 3개 자치구
    강남구 → 11680
    마포구 → 11440
    관악구 → 11620

[2] 지역명을 그대로 키로 쓰면 — 사흘치 원문 표기 기준
    집계 줄 수 13줄
    강남 계열만 4줄로 쪼개짐: ' 강남구 ' 1건, '강남' 4건, '강남 ' 1건, '강남구' 18건
    강남 계열 합 24건 — 어느 줄도 단독으로는 이 수를 보이지 못함

[3] 정규화 후 표준 코드를 키로 쓰면
    집계 줄 수 3줄
    11440 마포구: 16건
    11620 관악구: 15건
    11680 강남구: 23건
    강남구 23건 — [2]의 강남 계열 합보다 1건 적음(중복 접수 제거분)

[4] 일별 정제 회계 — physical = mapped + missing + unmapped + dup_removed
    날짜          physical  dup  valid  mapped  missing  unmapped  보존
    2026-07-01        20    0     20      18        1         1  OK
        검산 20 = 18 + 1 + 1 + 0   공백 보정 1건, 약칭 보정 4건
    2026-07-02        18    1     17      16        0         1  OK
        검산 18 = 16 + 0 + 1 + 1   공백 보정 1건, 약칭 보정 3건
    2026-07-03        22    0     22      20        1         1  OK
        검산 22 = 20 + 1 + 1 + 0   공백 보정 1건, 약칭 보정 3건

[5] 사흘 합계 — 60 = 54 + 2 + 3 + 1  보존 OK
    미기재 C260701-019, C260703-021
    미매핑 '판교', '성남시', '김포'
    중복제거 C260702-001

[6] 조용히 건너뛰는 코드와 대조 — 매핑 실패를 기록하지 않으면
    보고서에 적히는 총계   54건
    원천 물리 레코드      60건
    설명되지 않는 차이    6건
    예외 없음, 종료 코드 0 — 차이가 로그에도 산출물에도 남지 않음

=== STDERR ===
