$ C:\Users\user\AppData\Local\Microsoft\WindowsApps\PythonSoftwareFoundation.Python.3.13_qbz5n2kfra8p0\python.exe 6-5-rerun-rollup.py

=== STDOUT ===
[1] 2026-07-01 보고서를 두 번 만들어 파일 해시를 비교 — 입력만의 함수일 때
    1회차 3e2de6b0dd9b5813…
    2회차 3e2de6b0dd9b5813…
    같은 바이트인가: 예

[2] 같은 보고서에 생성 시각 한 줄을 넣으면
    달라진 줄: '- 생성 시각: …' 한 줄 (실행할 때마다 값이 바뀜)
    같은 바이트인가: 아니오
    → 집계 결과가 같아도 해시 비교로는 '재현됐다'를 보일 수 없게 됨

[3] 주간 창 2026-06-29 ~ 2026-07-05 — _SUCCESS 마커로 확정 여부를 판별
    2026-06-29  마커 없음    일별 요약 파일 없음
    2026-06-30  마커 없음    일별 요약 파일 없음
    2026-07-01  마커 있음    일별 요약 파일 있음
    2026-07-02  마커 있음    일별 요약 파일 있음
    2026-07-03  마커 있음    일별 요약 파일 있음
    2026-07-04  마커 없음    일별 요약 파일 없음
    2026-07-05  마커 없음    일별 요약 파일 없음
    합산 대상 3일, 결측 4일: 2026-06-29, 2026-06-30, 2026-07-04, 2026-07-05

[4] 일별 확정 산출물만 합산한 주간 값 — 원천을 다시 읽지 않음
    총계 보존  60 = 54 + 2 + 3 + 1  OK
    지역별  마포구 16, 관악구 15, 강남구 23
    유형별  도로 21, 소음 15, 청소 8, 환경 10
    검산  지역별 합 54 / 유형별 합 54 / 매핑 54

[5] 주간 쪽이 원천을 다시 정제하는데 정제 규칙만 구버전이면
    구버전 사전: 약칭 ['강남', '마포'] — '관악' 항목이 아직 없음
    원천 재정제 결과  매핑 52건 / 미매핑 5건
    일별 합산 결과    매핑 54건 / 미매핑 3건
    같은 주에 대해 두 보고서가 매핑 2건 차이
    두 계산 모두 총계 보존은 성립함 — 각자 안에서는 합이 맞아 오류로 잡히지 않음

=== STDERR ===
