$ C:\Users\user\AppData\Local\Microsoft\WindowsApps\PythonSoftwareFoundation.Python.3.13_qbz5n2kfra8p0\python.exe 13-2-replay-accounting.py

=== STDOUT ===
== 13주차 오프라인 재생: 정제·멱등·마감 회계 ==
   champion 예측값 6.0 (출처: data/output/ch13_bootstrap_summary.json)
[replay] 2026-07-01 마감: 물리수신 20 / 고유 20 (중복 흡수 0) → 매핑 18 · 미기재 1 · 미매핑 1 · 보존 True
[replay] 2026-07-02 마감: 물리수신 28 / 고유 17 (중복 흡수 11) → 매핑 16 · 미기재 0 · 미매핑 1 · 보존 True
[replay] 2026-07-02: 지연 레이블 도착 — 예측 3건 채점, 일 MAE 0.6667
[replay] 오염 이벤트 격리(json_parse_error) — 파이프라인은 계속
[replay] 2026-07-03 마감: 물리수신 22 / 고유 22 (중복 흡수 0) → 매핑 20 · 미기재 1 · 미매핑 1 · 보존 True
[replay] 2026-07-03: 지연 레이블 도착 — 예측 3건 채점, 일 MAE 1.3333

== 대조표 ==
  [PASS] 2026-07-01_정제회계가_6주차_배치와_일치
  [PASS] 2026-07-01_확정집계가_6주차_배치와_일치
  [PASS] 2026-07-01_회계보존식_성립
  [PASS] 2026-07-01_통합실행_회계와_일치
  [PASS] 2026-07-02_정제회계가_6주차_배치와_일치
  [PASS] 2026-07-02_확정집계가_6주차_배치와_일치
  [PASS] 2026-07-02_회계보존식_성립
  [PASS] 2026-07-02_통합실행_회계와_일치
  [PASS] 2026-07-03_정제회계가_6주차_배치와_일치
  [PASS] 2026-07-03_확정집계가_6주차_배치와_일치
  [PASS] 2026-07-03_회계보존식_성립
  [PASS] 2026-07-03_통합실행_회계와_일치
  [PASS] 격리_1건
  [PASS] 지연MAE가_통합실행과_일치
== 지연 평가: 일별 MAE {'2026-07-02': 0.6667, '2026-07-03': 1.3333}, 전체 1.0, 미채점 3건 ==
CH13_REPLAY_PASS

=== STDERR ===
