$ C:\Users\user\AppData\Local\Microsoft\WindowsApps\PythonSoftwareFoundation.Python.3.13_qbz5n2kfra8p0\python.exe 10-2-batch-vs-online.py

=== STDOUT ===
[1] 입력 — 9장 훈련 쌍 6개, 자치구 3개
    지문 96f6b6b3ce9dcdd1… (9장 산출물과 동일)
    champion(평균 예측기) 훈련 y 평균 36/6 = 6.0
    challenger(선형회귀) 절편 3.6818  기울기 0.4091
    자치구별 전일 건수  어제(2026-07-02) {'11440': 5, '11620': 5, '11680': 6}  오늘(2026-07-03) {'11440': 5, '11620': 5, '11680': 8}

[2] 배치 추론 — 밤에 자치구 전부를 미리 계산해 표로 저장
    champion    어제 표 {'11440': 6.0, '11620': 6.0, '11680': 6.0}
                오늘 표 {'11440': 6.0, '11620': 6.0, '11680': 6.0}
    challenger  어제 표 {'11440': 5.7273, '11620': 5.7273, '11680': 6.1364}
                오늘 표 {'11440': 5.7273, '11620': 5.7273, '11680': 6.9545}

[3] 오늘 밤 배치가 죽었다 — 낮의 조회 3건은 어제 표를 그대로 읽는다
    champion    조회 3건 전부 성공, 오류 0건, 응답 코드 200
                낸 값 {'11440': 6.0, '11620': 6.0, '11680': 6.0}
                오늘 값과 어긋난 자치구 0개 (없음)
    challenger  조회 3건 전부 성공, 오류 0건, 응답 코드 200
                낸 값 {'11440': 5.7273, '11620': 5.7273, '11680': 6.1364}
                오늘 값과 어긋난 자치구 1개 {'11680': 0.8181}

[4] 온라인 추론이 같은 이유로 죽으면
    11440 요청 → 즉시 실패: 모델 로드 실패
    11620 요청 → 즉시 실패: 모델 로드 실패
    11680 요청 → 즉시 실패: 모델 로드 실패
    조회 3건 중 실패 3건 — 아무도 모르고 지나갈 수 없다

[5] 배치의 낡음을 조회가 판정하려면 — 표에 기준일을 함께 저장한다
    표의 기준일 2026-07-02 / 조회한 날 2026-07-03 → 낡음 판정 예
    기준일이 없으면 같은 조회 3건이 전부 정상으로 보인다

증거 파일: C:\Users\user\Documents\lee\class\2026-2\mlops_public\practice\chapter10\data\output\ch10_batch_vs_online.json
CH10_BATCH_VS_ONLINE_OK

=== STDERR ===
